Structural Directive : NGIF

Angular :8

Example: Directive - Structural Directive Example:

Path: E:\angularsample

Step:1 New Sub Module Create
E:\angularsample>ng g module structural_directive
CREATE src/app/structural-directive/structural-directive.module.ts (205 bytes)

Step:2 Component Create from Sub Module . Please note it Don't generate the Main Module.
E:\angularsample> cd src 
E:\angularsample\src>cd app
E:\angularsample\src\app>cd structural-directive

E:\angularsample\src\app\structural-directive>ng g c ngif-str-dir
CREATE src/app/structural-directive/ngif-str-dir/ngif-str-dir.component.html (27 bytes)
CREATE src/app/structural-directive/ngif-str-dir/ngif-str-dir.component.spec.ts (629 bytes)
CREATE src/app/structural-directive/ngif-str-dir/ngif-str-dir.component.ts (224 bytes)
CREATE src/app/structural-directive/ngif-str-dir/ngif-str-dir.component.css (0 bytes)
UPDATE src/app/structural-directive/structural-directive.module.ts (309 bytes)

Step:3 NG Serve Run to Main Directory
E:\angularsample\src\app\structural-directive>cd ../../../
E:\angularsample>ng serve

Step:4 Router Create to Manuvally otherwise command line. I was create to Manuvally.

E:\angularsample\src\app\structural-directive\structural-directive-routing.module.ts

Newly import to component to structural routing.

import { NgifStrDirComponent } from './ngif-str-dir/ngif-str-dir.component';

const routes: Routes = [
    {path: 'ngifcondition', component: NgifStrDirComponent}
];

Step5: Structural Directive Module integrate to Routing

E:\angularsample\src\app\structural-directive\structural-directive.module.ts

import { StructuralDirectivRoutingeModule } from './structural-directive-routing.module';
@NgModule({
  imports: [    
    StructuralDirectivRoutingeModule
  ]})

Step6: Structural Directive HTML
E:\angularsample\src\app\structural-directive\ngif-str-dir\ngif-str-dir.component.html
<div *ngIf="courses.length>1; then coursesList else noCoursesList">
</div>
<ng-template #coursesList>
  List of courses
</ng-template>
<ng-template #noCoursesList>
  No courses
</ng-template>

<div *ngIf="true">Display data</div>

<p>ngIfElse example!</p> 
<div *ngIf="isLogIn; else isLogOut"> 
   Hello you are logged in 
</div>
<ng-template #isLogOut> 
   You're logged out.. 
</ng-template>


Step7: Structural Directive TS 
E:\angularsample\src\app\structural-directive\structural-directive.module.ts
 export class NgifStrDirComponent {
  courses = [0];
  isLogIn : boolean = false;
  isLogOut : boolean = true; 
}

Development Completed.

Step:8 Main UI  Display the  URL or Module
E:\angularsample\src\app\app.component.html

<nav>
    <a class="button" routerLink="/ngifcondition">NGIF</a> |
</nav>

Step:9 Routing Setting Process . Main Module set to Routing URL. (It's must for URL Call routerLink)
E:\angularsample\src\app\app.module.ts

import { StructuralDirectivRoutingeModule } from './structural-directive/structural-directive-routing.module';

@NgModule({
  imports: [
    StructuralDirectivRoutingeModule
  ],
})
http://localhost:4200/ngifcondition
 

Step:10 Directive Error Don't show the compile. It's dispaly the console.
  ngif-str-dir.component.html:1 NG0303: Can't bind to 'ngIf' since it isn't a known property of 'div' (used in the 'NgifStrDirComponent' component template).
If the 'ngIf' is an Angular control flow directive, please make sure that either the 'NgIf' directive or the 'CommonModule' is a part of an @NgModule where this component is declared.

 Solution:
   E:\angularsample\src\app\app.module.ts
   import { NgifStrDirComponent } from './structural-directive/ngif-str-dir/ngif-str-dir.component';
    @NgModule({
   declarations: [
    NgifStrDirComponent    
   ],
   
 Result:
  Got it Result.
  
  
*********************************************************************************************************

