Angular :8

Structural Directives: Structural directives start with a * sign. These directives are used to manipulate and change the structure of the DOM elements. For example, *ngIf directive, *ngSwitch directive, and *ngFor directive.

*ngIf Directive: The ngIf allows us to Add/Remove DOM Element.
*ngSwitch Directive: The *ngSwitch allows us to Add/Remove DOM Element. It is similar to switch statement of C#.
*ngFor Directive: The *ngFor directive is used to repeat a portion of HTML template once per each item from an iterable list (Collection).

https://www.javatpoint.com/angular-8-ngif-directive

Example: Directive - Structural Directive Example:

Structural Directive : NGIF

Path: E:\angularsample

Step:1 New Sub Module Create
E:\angularsample>ng g module structural_directive
CREATE src/app/structural-directive/structural-directive.module.ts (205 bytes)

Step:2 Component Create from Sub Module . Please note it Don't generate the Main Module.
E:\angularsample> cd src 
E:\angularsample\src>cd app
E:\angularsample\src\app>cd structural-directive

E:\angularsample\src\app\structural-directive>ng g c ngif-str-dir
CREATE src/app/structural-directive/ngif-str-dir/ngif-str-dir.component.html (27 bytes)
CREATE src/app/structural-directive/ngif-str-dir/ngif-str-dir.component.spec.ts (629 bytes)
CREATE src/app/structural-directive/ngif-str-dir/ngif-str-dir.component.ts (224 bytes)
CREATE src/app/structural-directive/ngif-str-dir/ngif-str-dir.component.css (0 bytes)
UPDATE src/app/structural-directive/structural-directive.module.ts (309 bytes)

Step:3 NG Serve Run to Main Directory
E:\angularsample\src\app\structural-directive>cd ../../../
E:\angularsample>ng serve

Step:4 Router Create to Manuvally otherwise command line. I was create to Manuvally.

E:\angularsample\src\app\structural-directive\structural-directive-routing.module.ts

Newly import to component to structural routing.

import { NgifStrDirComponent } from './ngif-str-dir/ngif-str-dir.component';

const routes: Routes = [
    {path: 'ngifcondition', component: NgifStrDirComponent}
];

Step5: Structural Directive Module integrate to Routing

E:\angularsample\src\app\structural-directive\structural-directive.module.ts

import { StructuralDirectivRoutingeModule } from './structural-directive-routing.module';
@NgModule({
  imports: [    
    StructuralDirectivRoutingeModule
  ]})

Step6: Structural Directive HTML
E:\angularsample\src\app\structural-directive\ngif-str-dir\ngif-str-dir.component.html
<div *ngIf="courses.length>1; then coursesList else noCoursesList">
</div>
<ng-template #coursesList>
  List of courses
</ng-template>
<ng-template #noCoursesList>
  No courses
</ng-template>

<div *ngIf="true">Display data</div>

<p>ngIfElse example!</p> 
<div *ngIf="isLogIn; else isLogOut"> 
   Hello you are logged in 
</div>
<ng-template #isLogOut> 
   You're logged out.. 
</ng-template>


Step7: Structural Directive TS 
E:\angularsample\src\app\structural-directive\structural-directive.module.ts
 export class NgifStrDirComponent {
  courses = [0];
  isLogIn : boolean = false;
  isLogOut : boolean = true; 
}

Development Completed.

Step:8 Main UI  Display the  URL or Module
E:\angularsample\src\app\app.component.html

<nav>
    <a class="button" routerLink="/ngifcondition">NGIF</a> |
</nav>

Step:9 Routing Setting Process . Main Module set to Routing URL. (It's must for URL Call routerLink)
E:\angularsample\src\app\app.module.ts

import { StructuralDirectivRoutingeModule } from './structural-directive/structural-directive-routing.module';

@NgModule({
  imports: [
    StructuralDirectivRoutingeModule
  ],
})
http://localhost:4200/ngifcondition
 

Step:10 Directive Error Don't show the compile. It's dispaly the console.
  ngif-str-dir.component.html:1 NG0303: Can't bind to 'ngIf' since it isn't a known property of 'div' (used in the 'NgifStrDirComponent' component template).
If the 'ngIf' is an Angular control flow directive, please make sure that either the 'NgIf' directive or the 'CommonModule' is a part of an @NgModule where this component is declared.

 Solution:
   E:\angularsample\src\app\app.module.ts
   import { NgifStrDirComponent } from './structural-directive/ngif-str-dir/ngif-str-dir.component';
    @NgModule({
   declarations: [
    NgifStrDirComponent    
   ],
   
 Result:
  Got it Result.
  
 Image:
 https://github.com/AlagumeenaBogi/Angular-8/blob/main/angularsample/ngif.png
https://github.com/AlagumeenaBogi/Angular-8/blob/main/angularsample/ngif_html.png
https://github.com/AlagumeenaBogi/Angular-8/blob/main/angularsample/ngif_ts.png
https://github.com/AlagumeenaBogi/Angular-8/blob/main/angularsample/NGIF_ERROR.png
https://github.com/AlagumeenaBogi/Angular-8/blob/main/angularsample/NGIF_working_Fine.png

Source Code:
https://github.com/AlagumeenaBogi/Angular-8/tree/main/angularsample/src/app/structural-directive/ngif-str-dir 

*********************************************************************************************************
Structural Directive : NGSWITCH

Step1:
Structural directive create to new component.

Step:2
NGSWITCH component HTMl write the code 
NGSWITCH component ts write the code 

Step:3
structural - directive router include to component
structural - directive module include to component & router
Step:4
main - module include to submodule router only (It's must display the router URL) Submodule component intergrate got result.
main - html include to navigation url

Step:1
E:\angular\sample\angularsample>cd src/app/structural-directive
E:\angular\sample\angularsample\src\app\structural-directive>ng g c ngswitch-str-dir
CREATE src/app/structural-directive/ngswitch-str-dir/ngswitch-str-dir.component.html (31 bytes)
CREATE src/app/structural-directive/ngswitch-str-dir/ngswitch-str-dir.component.spec.ts (657 bytes)
CREATE src/app/structural-directive/ngswitch-str-dir/ngswitch-str-dir.component.ts (240 bytes)    
CREATE src/app/structural-directive/ngswitch-str-dir/ngswitch-str-dir.component.css (0 bytes)     
UPDATE src/app/structural-directive/structural-directive.module.ts (555 bytes)
E:\angular\sample\angularsample\src\app\structural-directive>cd ../../../
E:\angular\sample\angularsample>ng serve

Step:2
E:\angular\sample\angularsample\src\app\structural-directive\ngswitch-str-dir\ngswitch-str-dir.component.html
<p>ngswitch-str-dir works!</p>
<!-- <select [(ngModel)]="selectedValue">  
    <option *ngFor="let item of items;" [value]="item.name">{{item.name}}</option>  
</select>  
<div class='row' [ngSwitch]="selectedValue">  
    <div *ngSwitchCase="'One'">One is Pressed</div>  
    <div *ngSwitchCase="'Two'">Two is Selected</div>  
    <div *ngSwitchDefault>Default Option</div>  
</div> -->
<div [ngSwitch]="true">
    <h1 *ngSwitchCase="tester == 'this' || tester == 'that'">a little bit of this or that value={{tester}}</h1>
    <h1 *ngSwitchCase="'other'">the other thing value={{tester}}</h1>
    <h1 *ngSwitchDefault>The default value={{tester}}</h1>    
  </div>

E:\angular\sample\angularsample\src\app\structural-directive\ngswitch-str-dir\ngswitch-str-dir.component.ts
import { Component } from '@angular/core';

@Component({
  selector: 'app-ngswitch-str-dir',
  templateUrl: './ngswitch-str-dir.component.html',
  styleUrls: ['./ngswitch-str-dir.component.css']
})
//  class item {  
//    name: string;  
//    val: number;  
//  }  
export class NgswitchStrDirComponent {
 // items: item[] = [{name: 'One', val: 1}, {name: 'Two', val: 2}, {name: 'Three', val: 3}];  
  //  selectedValue: string= 'One';  
// so the way ngSwitch works with muliple conditions and ors, you need to set ngSwitch=true and
	// then check your variable for the conditions within the *ngSwitchCase
  tester = 'that';
  //tester = 'other';
  //tester = 'not going to find this';
}


Step:3
E:\angular\sample\angularsample\src\app\structural-directive\structural-directive-routing.module.ts
import { NgswitchStrDirComponent } from './ngswitch-str-dir/ngswitch-str-dir.component';
const routes: Routes = [
    {path: 'ngswitchcondition', component: NgswitchStrDirComponent}
];


Step:4
E:\angular\sample\angularsample\src\app\app.module.ts

import { StructuralDirectivRoutingeModule } from './structural-directive/structural-directive-routing.module';
import { NgswitchStrDirComponent } from './structural-directive/ngswitch-str-dir/ngswitch-str-dir.component';

@NgModule({  declarations: [    NgswitchStrDirComponent]

imports: [    StructuralDirectivRoutingeModule]})


E:\angular\sample\angularsample\src\app\app.component.html
<a class="button" routerLink="/ngswitchcondition">NGSWITCH</a> |

Output:
http://localhost:4200/ngswitchcondition

ERROR:1
ERROR in ./src/app/app.module.ts 20:137-160

export 'NgswitchStrDirComponent' (imported as 'NgswitchStrDirComponent') was not found in './structural-directive/ngif-str-dir/ngif-str-dir.component' (possible exports: NgifStrDirComponent)

import { NgswitchStrDirComponent } from './structural-directive/ngif-str-dir/ngif-str-dir.component';
change to 
import { NgswitchStrDirComponent } from './ngswitch-str-dir/ngswitch-str-dir.component';


ERROR:2
src/app/app.module.ts:27:5 - error NG6001: The class 'NgswitchStrDirComponent' is listed in the declarations of the NgModule 'AppModule', but is not a directive, a component, or a pipe. Either remove it from the NgModule's declarations, or add an appropriate Angular decorator.

27     NgswitchStrDirComponent
       ~~~~~~~~~~~~~~~~~~~~~~~

  src/app/structural-directive/ngswitch-str-dir/ngswitch-str-dir.component.ts:12:14
    12 export class NgswitchStrDirComponent {
                    ~~~~~~~~~~~~~~~~~~~~~~~
    'NgswitchStrDirComponent' is declared here.
	
Solution:
E:\angular\sample\angularsample\src\app\structural-directive\structural-directive.module.ts
import { NgswitchStrDirComponent } from './ngswitch-str-dir/ngswitch-str-dir.component';


ERROR:3
src/app/structural-directive/ngswitch-str-dir/ngswitch-str-dir.component.html:2:9 - error NG8002: Can't bind to 'ngModel' since it isn't a known property of 'select'.

2 <select [(ngModel)]="selectedValue">
          ~~~~~~~~~~~~~~~~~~~~~~~~~~~

  src/app/structural-directive/ngswitch-str-dir/ngswitch-str-dir.component.ts:5:16
    5   templateUrl: './ngswitch-str-dir.component.html',
                     ~~~~~~~~~~~~~~~~~~~~~~~~~~~~~~~~~~~
    Error occurs in the template of component item.

import { NgswitchStrDirComponent } from './ngswitch-str-dir/ngswitch-str-dir.component';
import { FormsModule } from '@angular/forms'; //import FormsModule here


Error:4

*****************************************************************************************************************************************************************************************************************
Structural Directive : NGFOR

https://github.com/AlagumeenaBogi/Angular-8/tree/main/angularsample/src/app/structural-directive/ngfor-str-dir


https://stackblitz.com/edit/ngfor-example?file=app%2Fapp.component.html

https://stackblitz.com/edit/angular-ngfor-example?file=app%2Fapp.component.ts


Step1:
Structural directive create to new component.

Step:2
NGFOR component HTMl write the code 
NGFOR component ts write the code 

Step:3
structural - directive router include to component
structural - directive module include to component & router
Step:4
main - module include to submodule router only (It's must display the router URL) Submodule component intergrate got result.
main - html include to navigation url

Step:1

E:\angularsample>ng serve
✔ Browser application bundle generation complete.
Initial Chunk Files   | Names         |  Raw Size
vendor.js             | vendor        |   2.32 MB |
polyfills.js          | polyfills     | 314.28 kB |
styles.css, styles.js | styles        | 209.40 kB |
main.js               | main          |  90.29 kB |
runtime.js            | runtime       |   6.52 kB |
                      | Initial Total |   2.93 MB
Build at: 2023-05-23T05:53:35.348Z - Hash: 1b82c7c86b906864 - Time: 14630ms
E:\angularsample>cd src/app/structural-directive

E:\angularsample\src\app\structural-directive>ng g c ngfor-str-dir
CREATE src/app/structural-directive/ngfor-str-dir/ngfor-str-dir.component.html (28 bytes)
CREATE src/app/structural-directive/ngfor-str-dir/ngfor-str-dir.component.spec.ts (636 bytes)
CREATE src/app/structural-directive/ngfor-str-dir/ngfor-str-dir.component.ts (228 bytes)
CREATE src/app/structural-directive/ngfor-str-dir/ngfor-str-dir.component.css (0 bytes)
UPDATE src/app/structural-directive/structural-directive.module.ts (751 bytes)

Step:2

E:\angularsample\src\app\structural-directive\ngfor-str-dir\ngfor-str-dir.component.ts
import { Component } from '@angular/core';

@Component({
  selector: 'app-ngfor-str-dir',
  templateUrl: './ngfor-str-dir.component.html',
  styleUrls: ['./ngfor-str-dir.component.css']
})
export class NgforStrDirComponent {

  fetchData = [{"title":"saurabh","description":"dd","tagline":"tt","date":"dd"},{"title":"aman","description":"dd","tagline":"tt","date":"dd"},{"title":"jessica","description":"dd","tagline":"tt","date":"dd"},{"title":"rosh","description":"dd","tagline":"tt","date":"dd"}];

  // myJson: string;
  // myJson2: string[];
  
  // ngOnInit(){
  //   this.myJson = `[{
  //                   "LastName": "ALAN ORLEBEKE1                 ",
  //                   "Symbol": "CPH"                 
  //                 },
  //                 {
  //                   "LastName": "ALAN ORLEBEKE2                 ",
  //                   "Symbol": "CPH"                  
  //                 }]`;

  //   //convert the JSON string into JSON object
  //   this.myJson2 = JSON.parse(this.myJson);
              //  }
}
E:\angularsample\src\app\structural-directive\ngfor-str-dir\ngfor-str-dir.component.html
<p>ngfor-str-dir works!</p>

<!-- <ul>
    <li *ngFor="let val of myJson2">
      {{ val.LastName }}
    </li>
</ul> -->

<div *ngFor = "let title of fetchData">
    {{title.title}} -- {{title.description}} -- {{title.tagline}} {{title.date}}
  </div>

Step:3

E:\angularsample\src\app\structural-directive\structural-directive-routing.module.ts
import { NgforStrDirComponent } from './ngfor-str-dir/ngfor-str-dir.component';
const routes: Routes = [
    {path: 'ngforcondition', component: NgforStrDirComponent}
];

E:\angularsample\src\app\structural-directive\structural-directive.module.ts
import { StructuralDirectivRoutingeModule } from './structural-directive-routing.module';
import { NgforStrDirComponent } from './ngfor-str-dir/ngfor-str-dir.component';

@NgModule({
  declarations: [    NgforStrDirComponent  ],
  imports: [       StructuralDirectivRoutingeModule   ]
})


Step:4
E:\angularsample\src\app\app.module.ts
import { NgifStrDirComponent } from './structural-directive/ngif-str-dir/ngif-str-dir.component';
import { NgforStrDirComponent } from './structural-directive/ngfor-str-dir/ngfor-str-dir.component';
@NgModule({
  declarations: [    NgforStrDirComponent      ],
  imports: [    StructuralDirectivRoutingeModule

E:\angularsample\src\app\app.component.html
      <a class="button" routerLink="/ngforcondition">SD - NGFOR </a> |
ERROR:1
Error: src/app/structural-directive/ngfor-str-dir/ngfor-str-dir.component.html:5:14 - error TS2339: Property 'LastName' does not exist on type 'string'.
5       {{ val.LastName }}             ~~~~~~~~

  src/app/structural-directive/ngfor-str-dir/ngfor-str-dir.component.ts:5:16
    5   templateUrl: './ngfor-str-dir.component.html',
                     ~~~~~~~~~~~~~~~~~~~~~~~~~~~~~~~~
    Error occurs in the template of component NgforStrDirComponent.



********************************************************************************************
